<!DOCTYPE html>
<html lang="en">
<head>
<meta charset="UTF-8">
<meta http-equiv="X-UA-Compatible" content="IE=edge">
<meta name="viewport" content="width=device-width, initial-scale=1.0">
<meta name="generator" content="Asciidoctor 2.0.17">
<title>XXX system design document</title>
<link rel="stylesheet" href="https://cdnjs.cloudflare.com/ajax/libs/font-awesome/4.7.0/css/font-awesome.min.css">
<link rel="stylesheet" href="https://cdnjs.cloudflare.com/ajax/libs/highlight.js/9.18.3/styles/github.min.css">
</head>
<body class="book toc2 toc-left">
<div id="header">
<h1>XXX system design document</h1>
<div id="toc" class="toc2">
<div id="toctitle">Table of Contents</div>
<ul class="sectlevel1">
<li><a href="#_ガイド">guide</a></li>
<li><a href="#_要件定義">Requirements definition</a>
<ul class="sectlevel2">
<li><a href="#_ユースケース">use case</a></li>
<li><a href="#_用語集">glossary</a></li>
</ul>
</li>
<li><a href="#_基本設計">basic design</a>
<ul class="sectlevel2">
<li><a href="#_画面設計">screen design</a>
<ul class="sectlevel3">
<li><a href="#_画面共通">Common screen</a></li>
</ul>
</li>
<li><a href="#_画面遷移図">Screen transition diagram</a></li>
<li><a href="#_db設計">DB design</a></li>
</ul>
</li>
<li><a href="#_詳細設計">detailed design</a></li>
</ul>
</div>
</div>
<div id="content">
<div class="sect1">
<h2 id="_ガイド">guide</h2>
<div class="sectionbody">
<div class="ulist">
<ul>
<li>
<p><a href="設計書作成ガイド/設計書作成ガイド-共通.html">Design document preparation guide - common</a></p>
</li>
<li>
<p><a href="設計書作成ガイド/設計書作成ガイド-基本設計.html">Design document preparation guide - basic design</a></p>
</li>
</ul>
</div>
</div>
</div>
<div class="sect1">
<h2 id="_要件定義">Requirements definition</h2>
<div class="sectionbody">
<div class="sect2">
<h3 id="_ユースケース">use case</h3>
<div class="ulist">
<ul>
<li>
<p><a href="要件定義/ユースケース/サンプルシステムのユースケース.html">use case</a></p>
</li>
</ul>
</div>
</div>
<div class="sect2">
<h3 id="_用語集">glossary</h3>
<div class="ulist">
<ul>
<li>
<p><a href="要件定義/用語集/用語集.html">glossary</a></p>
</li>
</ul>
</div>
</div>
</div>
</div>
<div class="sect1">
<h2 id="_基本設計">basic design</h2>
<div class="sectionbody">
<div class="sect2">
<h3 id="_画面設計">screen design</h3>
<div class="ulist">
<ul>
<li>
<p><a href="基本設計/画面設計/XXX-XX画面/XXX-XX画面.html">XXX-XX screen</a></p>
</li>
<li>
<p><a href="基本設計/画面設計/SC001-メニュー一覧画面/SC001-メニュー一覧画面.html">SC001-menu list screen</a></p>
</li>
<li>
<p><a href="基本設計/画面設計/SC002-メニュー登録画面/SC002-メニュー登録画面.html">SC002-menu registration screen</a></p>
</li>
</ul>
</div>
<div class="sect3">
<h4 id="_画面共通">Common screen</h4>
<div class="ulist">
<ul>
<li>
<p><a href="基本設計/画面設計/画面共通/単項目チェック/単項目チェック.html">Single item check</a></p>
</li>
</ul>
</div>
</div>
</div>
<div class="sect2">
<h3 id="_画面遷移図">Screen transition diagram</h3>
<div class="ulist">
<ul>
<li>
<p><a href="基本設計/画面遷移図/ST001-画面遷移図.html">ST001-screen transition diagram</a></p>
</li>
</ul>
</div>
</div>
<div class="sect2">
<h3 id="_db設計">DB design</h3>
<div class="ulist">
<ul>
<li>
<p><a href="基本設計/DB設計/テーブル定義/テーブル定義.html">table definition</a></p>
</li>
<li>
<p><a href="基本設計/DB設計/マスタ定義/マスタ定義.html">master definition</a></p>
</li>
<li>
<p><a href="基本設計/DB設計/ER図/ER図.html">ER diagram</a></p>
</li>
</ul>
</div>
</div>
</div>
</div>
<div class="sect1">
<h2 id="_詳細設計">detailed design</h2>
<div class="sectionbody">
<div class="paragraph">
<div class="ulist">
<ul>
<li>
<p><a href="">001-detailed design document</a></p>
</li>
<li>
<p><a href="">002-detailed design document</a></p>
</li>
<li>
<p><a href="">003-detailed design document</a></p>
</li>
<li>
<p><a href="">004-detailed design document</a></p>
</li>
<li>
<p><a href="">005-detailed design document</a></p>
</li>
<li>
<p><a href="">006-detailed design document</a></p>
</li>
<li>
<p><a href="">007-detailed design document</a></p>
</li>
<li>
<p><a href="">008-detailed design document</a></p>
</li>
<li>
<p><a href="">009-detailed design document</a></p>
</li>
<li>
<p><a href="">010-Detailed Design Documents</a></p>
</li>
<li>
<p><a href="">001-detailed design document</a></p>
</li>
<li>
<p><a href="">002-detailed design document</a></p>
</li>
<li>
<p><a href="">003-detailed design document</a></p>
</li>
<li>
<p><a href="">004-detailed design document</a></p>
</li>
<li>
<p><a href="">005-detailed design document</a></p>
</li>
<li>
<p><a href="">006-detailed design document</a></p>
</li>
<li>
<p><a href="">007-detailed design document</a></p>
</li>
<li>
<p><a href="">008-detailed design document</a></p>
</li>
<li>
<p><a href="">009-detailed design document</a></p>
</li>
<li>
<p><a href="">010-Detailed Design Documents</a></p>
</li>
<li>
<p><a href="">001-detailed design document</a></p>
</li>
<li>
<p><a href="">002-detailed design document</a></p>
</li>
<li>
<p><a href="">003-detailed design document</a></p>
</li>
<li>
<p><a href="">004-detailed design document</a></p>
</li>
<li>
<p><a href="">005-detailed design document</a></p>
</li>
<li>
<p><a href="">006-detailed design document</a></p>
</li>
<li>
<p><a href="">007-detailed design document</a></p>
</li>
<li>
<p><a href="">008-detailed design document</a></p>
</li>
<li>
<p><a href="">009-detailed design document</a></p>
</li>
<li>
<p><a href="">010-Detailed Design Documents</a></p>
</li>
<li>
<p><a href="">001-detailed design document</a></p>
</li>
<li>
<p><a href="">002-detailed design document</a></p>
</li>
<li>
<p><a href="">003-detailed design document</a></p>
</li>
<li>
<p><a href="">004-detailed design document</a></p>
</li>
<li>
<p><a href="">005-detailed design document</a></p>
</li>
<li>
<p><a href="">006-detailed design document</a></p>
</li>
<li>
<p><a href="">007-detailed design document</a></p>
</li>
<li>
<p><a href="">008-detailed design document</a></p>
</li>
<li>
<p><a href="">009-detailed design document</a></p>
</li>
<li>
<p><a href="">010-Detailed Design Documents</a></p>
</li>
<li>
<p><a href="">001-detailed design document</a></p>
</li>
<li>
<p><a href="">002-detailed design document</a></p>
</li>
<li>
<p><a href="">003-detailed design document</a></p>
</li>
<li>
<p><a href="">004-detailed design document</a></p>
</li>
<li>
<p><a href="">005-detailed design document</a></p>
</li>
<li>
<p><a href="">006-detailed design document</a></p>
</li>
<li>
<p><a href="">007-detailed design document</a></p>
</li>
<li>
<p><a href="">008-detailed design document</a></p>
</li>
<li>
<p><a href="">009-detailed design document</a></p>
</li>
<li>
<p><a href="">010-Detailed Design Documents</a></p>
</li>
<li>
<p><a href="">001-detailed design document</a></p>
</li>
<li>
<p><a href="">002-detailed design document</a></p>
</li>
<li>
<p><a href="">003-detailed design document</a></p>
</li>
<li>
<p><a href="">004-detailed design document</a></p>
</li>
<li>
<p><a href="">005-detailed design document</a></p>
</li>
<li>
<p><a href="">006-detailed design document</a></p>
</li>
<li>
<p><a href="">007-detailed design document</a></p>
</li>
<li>
<p><a href="">008-detailed design document</a></p>
</li>
<li>
<p><a href="">009-detailed design document</a></p>
</li>
<li>
<p><a href="">010-Detailed Design Documents</a></p>
</li>
<li>
<p><a href="">001-detailed design document</a></p>
</li>
<li>
<p><a href="">002-detailed design document</a></p>
</li>
<li>
<p><a href="">003-detailed design document</a></p>
</li>
<li>
<p><a href="">004-detailed design document</a></p>
</li>
<li>
<p><a href="">005-detailed design document</a></p>
</li>
<li>
<p><a href="">006-detailed design document</a></p>
</li>
<li>
<p><a href="">007-detailed design document</a></p>
</li>
<li>
<p><a href="">008-detailed design document</a></p>
</li>
<li>
<p><a href="">009-detailed design document</a></p>
</li>
<li>
<p><a href="">010-Detailed Design Documents</a></p>
</li>
</ul>
This is a test sentence. <br>
<p>
We offer system development specialized in prototyping as a service. <br>
Prototyping is a method of actually putting an application with minimal functionality into commercial operation and growing it while reflecting feedback. <br>
Application implementation is carried out by our engineers and the client's domain experts, working together. <br>
</p>
<p>
Until now, we have provided technical consulting and technical support for many SI projects. <br>
We will participate in SI projects from the beginning, and will design, develop, and deploy Java application architectures and frameworks to application teams. <br>
There are also large-scale projects involving over 100 people, and industries span a wide range of industries such as telecommunications, finance, transportation, retail, and government offices. <br>
</p>
<p>
Utilizing this track record and experience, we are currently proposing and implementing prototyping. <br>
In order to develop valuable systems cheaply and quickly, we believe the following three things are important. <br>
</p>
</div>
</div>
</div>
</div>
</div>
</body>
</html>